  console.log
    [dotenv@17.2.3] injecting env (0) from .env -- tip: 🔑 add access controls to secrets: https://dotenvx.com/ops

      at _log (node_modules/dotenv/lib/main.js:142:11)

  console.log
    [dotenv@17.2.3] injecting env (0) from .env -- tip: 🔐 encrypt with Dotenvx: https://dotenvx.com

      at _log (node_modules/dotenv/lib/main.js:142:11)

  console.error
    ValidationError: Custom keyGenerator appears to use request IP without calling the ipKeyGenerator helper function for IPv6 addresses. This could allow IPv6 users to bypass limits. See https://express-rate-limit.github.io/ERR_ERL_KEY_GEN_IPV6/ for more information.
        at Object.keyGeneratorIpFallback (D:\Projects\MasterPasswordAuth\master-auth-be\node_modules\express-rate-limit\dist\index.cjs:637:13)
        at Object.wrappedValidations.<computed> [as keyGeneratorIpFallback] (D:\Projects\MasterPasswordAuth\master-auth-be\node_modules\express-rate-limit\dist\index.cjs:680:22)
        at parseOptions (D:\Projects\MasterPasswordAuth\master-auth-be\node_modules\express-rate-limit\dist\index.cjs:750:16)
        at rateLimit (D:\Projects\MasterPasswordAuth\master-auth-be\node_modules\express-rate-limit\dist\index.cjs:831:18)
        at Object.rateLimit (D:\Projects\MasterPasswordAuth\master-auth-be\src\middleware\rateLimiter.js:84:31)
        at Runtime._execModule (D:\Projects\MasterPasswordAuth\master-auth-be\node_modules\jest-runtime\build\index.js:1268:24)
        at Runtime._loadModule (D:\Projects\MasterPasswordAuth\master-auth-be\node_modules\jest-runtime\build\index.js:944:12)
        at Runtime.requireModule (D:\Projects\MasterPasswordAuth\master-auth-be\node_modules\jest-runtime\build\index.js:832:12)
        at Runtime.requireModuleOrMock (D:\Projects\MasterPasswordAuth\master-auth-be\node_modules\jest-runtime\build\index.js:964:21)
        at Object.require (D:\Projects\MasterPasswordAuth\master-auth-be\src\routes\admin.js:7:88)
        at Runtime._execModule (D:\Projects\MasterPasswordAuth\master-auth-be\node_modules\jest-runtime\build\index.js:1268:24)
        at Runtime._loadModule (D:\Projects\MasterPasswordAuth\master-auth-be\node_modules\jest-runtime\build\index.js:944:12)
        at Runtime.requireModule (D:\Projects\MasterPasswordAuth\master-auth-be\node_modules\jest-runtime\build\index.js:832:12)
        at Runtime.requireModuleOrMock (D:\Projects\MasterPasswordAuth\master-auth-be\node_modules\jest-runtime\build\index.js:964:21)
        at Object.require (D:\Projects\MasterPasswordAuth\master-auth-be\tests\integration\admin-workflow-app-management.test.js:3:21)
        at Runtime._execModule (D:\Projects\MasterPasswordAuth\master-auth-be\node_modules\jest-runtime\build\index.js:1268:24)
        at Runtime._loadModule (D:\Projects\MasterPasswordAuth\master-auth-be\node_modules\jest-runtime\build\index.js:944:12)
        at Runtime.requireModule (D:\Projects\MasterPasswordAuth\master-auth-be\node_modules\jest-runtime\build\index.js:832:12)
        at jestAdapter (D:\Projects\MasterPasswordAuth\master-auth-be\node_modules\jest-circus\build\runner.js:95:13)
        at runTestInternal (D:\Projects\MasterPasswordAuth\master-auth-be\node_modules\jest-runner\build\index.js:275:16)
        at runTest (D:\Projects\MasterPasswordAuth\master-auth-be\node_modules\jest-runner\build\index.js:343:7) {
      code: 'ERR_ERL_KEY_GEN_IPV6',
      help: 'https://express-rate-limit.github.io/ERR_ERL_KEY_GEN_IPV6/'
    }

    [0m [90m 82 |[39m [90m * Uses application ID as the key instead of IP address[39m
     [90m 83 |[39m [90m */[39m
    [31m[1m>[22m[39m[90m 84 |[39m [36mconst[39m passwordChangeLimiter [33m=[39m rateLimit({
     [90m    |[39m                               [31m[1m^[22m[39m
     [90m 85 |[39m   windowMs[33m:[39m [35m60[39m [33m*[39m [35m60[39m [33m*[39m [35m1000[39m[33m,[39m [90m// 1 hour[39m
     [90m 86 |[39m   max[33m:[39m [35m5[39m[33m,[39m [90m// Limit each application to 5 password change attempts per hour[39m
     [90m 87 |[39m   standardHeaders[33m:[39m [36mtrue[39m[33m,[39m [90m// Return rate limit info in the `RateLimit-*` headers[39m[0m

      at Object.wrappedValidations.<computed> [as keyGeneratorIpFallback] (node_modules/express-rate-limit/dist/index.cjs:686:24)
      at parseOptions (node_modules/express-rate-limit/dist/index.cjs:750:16)
      at rateLimit (node_modules/express-rate-limit/dist/index.cjs:831:18)
      at Object.rateLimit (src/middleware/rateLimiter.js:84:31)
      at Object.require (src/routes/admin.js:7:88)
      at Object.require (tests/integration/admin-workflow-app-management.test.js:3:21)

  console.error
    ValidationError: The Express 'trust proxy' setting is true, which allows anyone to trivially bypass IP-based rate limiting. See https://express-rate-limit.github.io/ERR_ERL_PERMISSIVE_TRUST_PROXY/ for more information.
        at Object.trustProxy (D:\Projects\MasterPasswordAuth\master-auth-be\node_modules\express-rate-limit\dist\index.cjs:348:13)
        at Object.wrappedValidations.<computed> [as trustProxy] (D:\Projects\MasterPasswordAuth\master-auth-be\node_modules\express-rate-limit\dist\index.cjs:680:22)
        at Object.keyGenerator (D:\Projects\MasterPasswordAuth\master-auth-be\node_modules\express-rate-limit\dist\index.cjs:782:20)
        at D:\Projects\MasterPasswordAuth\master-auth-be\node_modules\express-rate-limit\dist\index.cjs:844:32
        at processTicksAndRejections (node:internal/process/task_queues:105:5)
        at D:\Projects\MasterPasswordAuth\master-auth-be\node_modules\express-rate-limit\dist\index.cjs:825:5 {
      code: 'ERR_ERL_PERMISSIVE_TRUST_PROXY',
      help: 'https://express-rate-limit.github.io/ERR_ERL_PERMISSIVE_TRUST_PROXY/'
    }

      at Object.wrappedValidations.<computed> [as trustProxy] (node_modules/express-rate-limit/dist/index.cjs:686:24)
      at Object.keyGenerator (node_modules/express-rate-limit/dist/index.cjs:782:20)
      at node_modules/express-rate-limit/dist/index.cjs:844:32
      at node_modules/express-rate-limit/dist/index.cjs:825:5

2025-12-05 12:43:10 [[33mwarn[39m]: Client error occurred Authentication required
{
  "method": "POST",
  "url": "/api/admin/applications",
  "ip": "::ffff:127.0.0.1",
  "errorType": "AuthenticationError",
  "statusCode": 401
}
  console.error
    Error creating application: Error: Database error
        at Object.<anonymous> (D:\Projects\MasterPasswordAuth\master-auth-be\tests\integration\admin-workflow-app-management.test.js:211:9)
        at Promise.finally.completed (D:\Projects\MasterPasswordAuth\master-auth-be\node_modules\jest-circus\build\jestAdapterInit.js:1557:28)
        at new Promise (<anonymous>)
        at callAsyncCircusFn (D:\Projects\MasterPasswordAuth\master-auth-be\node_modules\jest-circus\build\jestAdapterInit.js:1497:10)
        at _callCircusTest (D:\Projects\MasterPasswordAuth\master-auth-be\node_modules\jest-circus\build\jestAdapterInit.js:1007:40)
        at processTicksAndRejections (node:internal/process/task_queues:105:5)
        at _runTest (D:\Projects\MasterPasswordAuth\master-auth-be\node_modules\jest-circus\build\jestAdapterInit.js:947:3)
        at D:\Projects\MasterPasswordAuth\master-auth-be\node_modules\jest-circus\build\jestAdapterInit.js:849:7
        at _runTestsForDescribeBlock (D:\Projects\MasterPasswordAuth\master-auth-be\node_modules\jest-circus\build\jestAdapterInit.js:862:11)
        at _runTestsForDescribeBlock (D:\Projects\MasterPasswordAuth\master-auth-be\node_modules\jest-circus\build\jestAdapterInit.js:857:11)
        at _runTestsForDescribeBlock (D:\Projects\MasterPasswordAuth\master-auth-be\node_modules\jest-circus\build\jestAdapterInit.js:857:11)
        at run (D:\Projects\MasterPasswordAuth\master-auth-be\node_modules\jest-circus\build\jestAdapterInit.js:761:3)
        at runAndTransformResultsToJestFormat (D:\Projects\MasterPasswordAuth\master-auth-be\node_modules\jest-circus\build\jestAdapterInit.js:1918:21)
        at jestAdapter (D:\Projects\MasterPasswordAuth\master-auth-be\node_modules\jest-circus\build\runner.js:101:19)
        at runTestInternal (D:\Projects\MasterPasswordAuth\master-auth-be\node_modules\jest-runner\build\index.js:275:16)
        at runTest (D:\Projects\MasterPasswordAuth\master-auth-be\node_modules\jest-runner\build\index.js:343:7)

    [0m [90m 135 |[39m
     [90m 136 |[39m     } [36mcatch[39m (error) {
    [31m[1m>[22m[39m[90m 137 |[39m       console[33m.[39merror([32m'Error creating application:'[39m[33m,[39m error)[33m;[39m
     [90m     |[39m               [31m[1m^[22m[39m
     [90m 138 |[39m       [36mreturn[39m res[33m.[39mstatus([35m500[39m)[33m.[39mjson({
     [90m 139 |[39m         success[33m:[39m [36mfalse[39m[33m,[39m
     [90m 140 |[39m         error[33m:[39m [32m'Failed to create application'[39m[0m

      at ApplicationController.error [as createApplication] (src/controllers/applicationController.js:137:15)

  console.error
    ValidationError: The Express 'trust proxy' setting is true, which allows anyone to trivially bypass IP-based rate limiting. See https://express-rate-limit.github.io/ERR_ERL_PERMISSIVE_TRUST_PROXY/ for more information.
        at Object.trustProxy (D:\Projects\MasterPasswordAuth\master-auth-be\node_modules\express-rate-limit\dist\index.cjs:348:13)
        at Object.wrappedValidations.<computed> [as trustProxy] (D:\Projects\MasterPasswordAuth\master-auth-be\node_modules\express-rate-limit\dist\index.cjs:680:22)
        at Object.keyGenerator (D:\Projects\MasterPasswordAuth\master-auth-be\node_modules\express-rate-limit\dist\index.cjs:782:20)
        at D:\Projects\MasterPasswordAuth\master-auth-be\node_modules\express-rate-limit\dist\index.cjs:844:32
        at processTicksAndRejections (node:internal/process/task_queues:105:5)
        at D:\Projects\MasterPasswordAuth\master-auth-be\node_modules\express-rate-limit\dist\index.cjs:825:5 {
      code: 'ERR_ERL_PERMISSIVE_TRUST_PROXY',
      help: 'https://express-rate-limit.github.io/ERR_ERL_PERMISSIVE_TRUST_PROXY/'
    }

      at Object.wrappedValidations.<computed> [as trustProxy] (node_modules/express-rate-limit/dist/index.cjs:686:24)
      at Object.keyGenerator (node_modules/express-rate-limit/dist/index.cjs:782:20)
      at node_modules/express-rate-limit/dist/index.cjs:844:32
      at node_modules/express-rate-limit/dist/index.cjs:825:5

2025-12-05 12:43:10 [[33mwarn[39m]: Client error occurred Authentication required
{
  "method": "POST",
  "url": "/api/admin/applications",
  "ip": "::ffff:127.0.0.1",
  "errorType": "AuthenticationError",
  "statusCode": 401
}
  console.error
    Error creating application: Error: Database error
        at Object.<anonymous> (D:\Projects\MasterPasswordAuth\master-auth-be\tests\integration\admin-workflow-app-management.test.js:211:9)
        at Promise.finally.completed (D:\Projects\MasterPasswordAuth\master-auth-be\node_modules\jest-circus\build\jestAdapterInit.js:1557:28)
        at new Promise (<anonymous>)
        at callAsyncCircusFn (D:\Projects\MasterPasswordAuth\master-auth-be\node_modules\jest-circus\build\jestAdapterInit.js:1497:10)
        at _callCircusTest (D:\Projects\MasterPasswordAuth\master-auth-be\node_modules\jest-circus\build\jestAdapterInit.js:1007:40)
        at processTicksAndRejections (node:internal/process/task_queues:105:5)
        at _runTest (D:\Projects\MasterPasswordAuth\master-auth-be\node_modules\jest-circus\build\jestAdapterInit.js:947:3)
        at D:\Projects\MasterPasswordAuth\master-auth-be\node_modules\jest-circus\build\jestAdapterInit.js:849:7
        at _runTestsForDescribeBlock (D:\Projects\MasterPasswordAuth\master-auth-be\node_modules\jest-circus\build\jestAdapterInit.js:862:11)
        at _runTestsForDescribeBlock (D:\Projects\MasterPasswordAuth\master-auth-be\node_modules\jest-circus\build\jestAdapterInit.js:857:11)
        at _runTestsForDescribeBlock (D:\Projects\MasterPasswordAuth\master-auth-be\node_modules\jest-circus\build\jestAdapterInit.js:857:11)
        at run (D:\Projects\MasterPasswordAuth\master-auth-be\node_modules\jest-circus\build\jestAdapterInit.js:761:3)
        at runAndTransformResultsToJestFormat (D:\Projects\MasterPasswordAuth\master-auth-be\node_modules\jest-circus\build\jestAdapterInit.js:1918:21)
        at jestAdapter (D:\Projects\MasterPasswordAuth\master-auth-be\node_modules\jest-circus\build\runner.js:101:19)
        at runTestInternal (D:\Projects\MasterPasswordAuth\master-auth-be\node_modules\jest-runner\build\index.js:275:16)
        at runTest (D:\Projects\MasterPasswordAuth\master-auth-be\node_modules\jest-runner\build\index.js:343:7)

    [0m [90m 135 |[39m
     [90m 136 |[39m     } [36mcatch[39m (error) {
    [31m[1m>[22m[39m[90m 137 |[39m       console[33m.[39merror([32m'Error creating application:'[39m[33m,[39m error)[33m;[39m
     [90m     |[39m               [31m[1m^[22m[39m
     [90m 138 |[39m       [36mreturn[39m res[33m.[39mstatus([35m500[39m)[33m.[39mjson({
     [90m 139 |[39m         success[33m:[39m [36mfalse[39m[33m,[39m
     [90m 140 |[39m         error[33m:[39m [32m'Failed to create application'[39m[0m

      at ApplicationController.error [as createApplication] (src/controllers/applicationController.js:137:15)

2025-12-05 12:43:10 [[33mwarn[39m]: Client error occurred Token expired
{
  "method": "POST",
  "url": "/api/admin/applications",
  "ip": "::ffff:127.0.0.1",
  "errorType": "AuthenticationError",
  "statusCode": 401
}
